// Jest Snapshot v1, https://goo.gl/fbAQLP

exports[`response headers headers fails if it's missing headers 1`] = `
[
  {
    "change": {
      "added": {
        "name": "good-header",
        "schema": {
          "type": "string",
        },
      },
      "changeType": "added",
      "location": {
        "conceptualLocation": {
          "inResponse": {
            "header": "good-header",
            "statusCode": "200",
          },
          "method": "get",
          "path": "/api/example",
        },
        "conceptualPath": [
          "operations",
          "/api/example",
          "get",
          "responses",
          "200",
          "headers",
          "good-header",
        ],
        "jsonPath": "/paths/~1api~1example/get/responses/200/headers/good-header",
        "kind": "response-header",
      },
    },
    "condition": undefined,
    "docsLink": "https://github.com/snyk/sweater-comb/blob/main/docs/standards/rest.md#header-field-names",
    "error": undefined,
    "exempted": false,
    "expected": undefined,
    "isMust": true,
    "isShould": false,
    "name": "header case",
    "passed": true,
    "received": undefined,
    "type": "added",
    "where": "GET /api/example response 200 response header: good-header",
  },
  {
    "change": {
      "location": {
        "conceptualLocation": {
          "inResponse": {
            "statusCode": "200",
          },
          "method": "get",
          "path": "/api/example",
        },
        "conceptualPath": [
          "operations",
          "/api/example",
          "get",
          "responses",
          "200",
        ],
        "jsonPath": "/paths/~1api~1example/get/responses/200",
        "kind": "response",
      },
      "value": {
        "description": "No headers",
        "statusCode": "200",
      },
    },
    "condition": undefined,
    "docsLink": "https://github.com/snyk/sweater-comb/blob/main/docs/principles/version.md#versioning-response-headers",
    "error": "Could not find a partial match in header parameters with name snyk-request-id. Value to match: {}",
    "exempted": false,
    "expected": undefined,
    "isMust": true,
    "isShould": false,
    "name": "standard headers",
    "passed": false,
    "received": undefined,
    "type": "requirement",
    "where": "GET /api/example response 200",
  },
  {
    "change": {
      "location": {
        "conceptualLocation": {
          "inResponse": {
            "statusCode": "200",
          },
          "method": "get",
          "path": "/api/example",
        },
        "conceptualPath": [
          "operations",
          "/api/example",
          "get",
          "responses",
          "200",
        ],
        "jsonPath": "/paths/~1api~1example/get/responses/200",
        "kind": "response",
      },
      "value": {
        "description": "No headers",
        "statusCode": "200",
      },
    },
    "condition": undefined,
    "docsLink": "https://github.com/snyk/sweater-comb/blob/main/docs/principles/version.md#versioning-response-headers",
    "error": "Could not find a partial match in header parameters with name deprecation. Value to match: {}",
    "exempted": false,
    "expected": undefined,
    "isMust": true,
    "isShould": false,
    "name": "standard headers",
    "passed": false,
    "received": undefined,
    "type": "requirement",
    "where": "GET /api/example response 200",
  },
  {
    "change": {
      "location": {
        "conceptualLocation": {
          "inResponse": {
            "statusCode": "200",
          },
          "method": "get",
          "path": "/api/example",
        },
        "conceptualPath": [
          "operations",
          "/api/example",
          "get",
          "responses",
          "200",
        ],
        "jsonPath": "/paths/~1api~1example/get/responses/200",
        "kind": "response",
      },
      "value": {
        "description": "No headers",
        "statusCode": "200",
      },
    },
    "condition": undefined,
    "docsLink": "https://github.com/snyk/sweater-comb/blob/main/docs/principles/version.md#versioning-response-headers",
    "error": "Could not find a partial match in header parameters with name snyk-version-lifecycle-stage. Value to match: {}",
    "exempted": false,
    "expected": undefined,
    "isMust": true,
    "isShould": false,
    "name": "standard headers",
    "passed": false,
    "received": undefined,
    "type": "requirement",
    "where": "GET /api/example response 200",
  },
  {
    "change": {
      "location": {
        "conceptualLocation": {
          "inResponse": {
            "statusCode": "200",
          },
          "method": "get",
          "path": "/api/example",
        },
        "conceptualPath": [
          "operations",
          "/api/example",
          "get",
          "responses",
          "200",
        ],
        "jsonPath": "/paths/~1api~1example/get/responses/200",
        "kind": "response",
      },
      "value": {
        "description": "No headers",
        "statusCode": "200",
      },
    },
    "condition": undefined,
    "docsLink": "https://github.com/snyk/sweater-comb/blob/main/docs/principles/version.md#versioning-response-headers",
    "error": "Could not find a partial match in header parameters with name snyk-version-requested. Value to match: {}",
    "exempted": false,
    "expected": undefined,
    "isMust": true,
    "isShould": false,
    "name": "standard headers",
    "passed": false,
    "received": undefined,
    "type": "requirement",
    "where": "GET /api/example response 200",
  },
  {
    "change": {
      "location": {
        "conceptualLocation": {
          "inResponse": {
            "statusCode": "200",
          },
          "method": "get",
          "path": "/api/example",
        },
        "conceptualPath": [
          "operations",
          "/api/example",
          "get",
          "responses",
          "200",
        ],
        "jsonPath": "/paths/~1api~1example/get/responses/200",
        "kind": "response",
      },
      "value": {
        "description": "No headers",
        "statusCode": "200",
      },
    },
    "condition": undefined,
    "docsLink": "https://github.com/snyk/sweater-comb/blob/main/docs/principles/version.md#versioning-response-headers",
    "error": "Could not find a partial match in header parameters with name snyk-version-served. Value to match: {}",
    "exempted": false,
    "expected": undefined,
    "isMust": true,
    "isShould": false,
    "name": "standard headers",
    "passed": false,
    "received": undefined,
    "type": "requirement",
    "where": "GET /api/example response 200",
  },
  {
    "change": {
      "location": {
        "conceptualLocation": {
          "inResponse": {
            "statusCode": "200",
          },
          "method": "get",
          "path": "/api/example",
        },
        "conceptualPath": [
          "operations",
          "/api/example",
          "get",
          "responses",
          "200",
        ],
        "jsonPath": "/paths/~1api~1example/get/responses/200",
        "kind": "response",
      },
      "value": {
        "description": "No headers",
        "statusCode": "200",
      },
    },
    "condition": undefined,
    "docsLink": "https://github.com/snyk/sweater-comb/blob/main/docs/principles/version.md#versioning-response-headers",
    "error": "Could not find a partial match in header parameters with name sunset. Value to match: {}",
    "exempted": false,
    "expected": undefined,
    "isMust": true,
    "isShould": false,
    "name": "standard headers",
    "passed": false,
    "received": undefined,
    "type": "requirement",
    "where": "GET /api/example response 200",
  },
]
`;

exports[`response headers headers passes if it has all the headers 1`] = `
[
  {
    "change": {
      "added": {
        "name": "snyk-request-id",
      },
      "changeType": "added",
      "location": {
        "conceptualLocation": {
          "inResponse": {
            "header": "snyk-request-id",
            "statusCode": "200",
          },
          "method": "get",
          "path": "/api/example",
        },
        "conceptualPath": [
          "operations",
          "/api/example",
          "get",
          "responses",
          "200",
          "headers",
          "snyk-request-id",
        ],
        "jsonPath": "/paths/~1api~1example/get/responses/200/headers/snyk-request-id",
        "kind": "response-header",
      },
    },
    "condition": undefined,
    "docsLink": "https://github.com/snyk/sweater-comb/blob/main/docs/standards/rest.md#header-field-names",
    "error": undefined,
    "exempted": false,
    "expected": undefined,
    "isMust": true,
    "isShould": false,
    "name": "header case",
    "passed": true,
    "received": undefined,
    "type": "added",
    "where": "GET /api/example response 200 response header: snyk-request-id",
  },
  {
    "change": {
      "added": {
        "name": "snyk-version-lifecycle-stage",
      },
      "changeType": "added",
      "location": {
        "conceptualLocation": {
          "inResponse": {
            "header": "snyk-version-lifecycle-stage",
            "statusCode": "200",
          },
          "method": "get",
          "path": "/api/example",
        },
        "conceptualPath": [
          "operations",
          "/api/example",
          "get",
          "responses",
          "200",
          "headers",
          "snyk-version-lifecycle-stage",
        ],
        "jsonPath": "/paths/~1api~1example/get/responses/200/headers/snyk-version-lifecycle-stage",
        "kind": "response-header",
      },
    },
    "condition": undefined,
    "docsLink": "https://github.com/snyk/sweater-comb/blob/main/docs/standards/rest.md#header-field-names",
    "error": undefined,
    "exempted": false,
    "expected": undefined,
    "isMust": true,
    "isShould": false,
    "name": "header case",
    "passed": true,
    "received": undefined,
    "type": "added",
    "where": "GET /api/example response 200 response header: snyk-version-lifecycle-stage",
  },
  {
    "change": {
      "added": {
        "name": "snyk-version-requested",
      },
      "changeType": "added",
      "location": {
        "conceptualLocation": {
          "inResponse": {
            "header": "snyk-version-requested",
            "statusCode": "200",
          },
          "method": "get",
          "path": "/api/example",
        },
        "conceptualPath": [
          "operations",
          "/api/example",
          "get",
          "responses",
          "200",
          "headers",
          "snyk-version-requested",
        ],
        "jsonPath": "/paths/~1api~1example/get/responses/200/headers/snyk-version-requested",
        "kind": "response-header",
      },
    },
    "condition": undefined,
    "docsLink": "https://github.com/snyk/sweater-comb/blob/main/docs/standards/rest.md#header-field-names",
    "error": undefined,
    "exempted": false,
    "expected": undefined,
    "isMust": true,
    "isShould": false,
    "name": "header case",
    "passed": true,
    "received": undefined,
    "type": "added",
    "where": "GET /api/example response 200 response header: snyk-version-requested",
  },
  {
    "change": {
      "added": {
        "name": "snyk-version-served",
      },
      "changeType": "added",
      "location": {
        "conceptualLocation": {
          "inResponse": {
            "header": "snyk-version-served",
            "statusCode": "200",
          },
          "method": "get",
          "path": "/api/example",
        },
        "conceptualPath": [
          "operations",
          "/api/example",
          "get",
          "responses",
          "200",
          "headers",
          "snyk-version-served",
        ],
        "jsonPath": "/paths/~1api~1example/get/responses/200/headers/snyk-version-served",
        "kind": "response-header",
      },
    },
    "condition": undefined,
    "docsLink": "https://github.com/snyk/sweater-comb/blob/main/docs/standards/rest.md#header-field-names",
    "error": undefined,
    "exempted": false,
    "expected": undefined,
    "isMust": true,
    "isShould": false,
    "name": "header case",
    "passed": true,
    "received": undefined,
    "type": "added",
    "where": "GET /api/example response 200 response header: snyk-version-served",
  },
  {
    "change": {
      "added": {
        "name": "sunset",
      },
      "changeType": "added",
      "location": {
        "conceptualLocation": {
          "inResponse": {
            "header": "sunset",
            "statusCode": "200",
          },
          "method": "get",
          "path": "/api/example",
        },
        "conceptualPath": [
          "operations",
          "/api/example",
          "get",
          "responses",
          "200",
          "headers",
          "sunset",
        ],
        "jsonPath": "/paths/~1api~1example/get/responses/200/headers/sunset",
        "kind": "response-header",
      },
    },
    "condition": undefined,
    "docsLink": "https://github.com/snyk/sweater-comb/blob/main/docs/standards/rest.md#header-field-names",
    "error": undefined,
    "exempted": false,
    "expected": undefined,
    "isMust": true,
    "isShould": false,
    "name": "header case",
    "passed": true,
    "received": undefined,
    "type": "added",
    "where": "GET /api/example response 200 response header: sunset",
  },
  {
    "change": {
      "added": {
        "name": "deprecation",
      },
      "changeType": "added",
      "location": {
        "conceptualLocation": {
          "inResponse": {
            "header": "deprecation",
            "statusCode": "200",
          },
          "method": "get",
          "path": "/api/example",
        },
        "conceptualPath": [
          "operations",
          "/api/example",
          "get",
          "responses",
          "200",
          "headers",
          "deprecation",
        ],
        "jsonPath": "/paths/~1api~1example/get/responses/200/headers/deprecation",
        "kind": "response-header",
      },
    },
    "condition": undefined,
    "docsLink": "https://github.com/snyk/sweater-comb/blob/main/docs/standards/rest.md#header-field-names",
    "error": undefined,
    "exempted": false,
    "expected": undefined,
    "isMust": true,
    "isShould": false,
    "name": "header case",
    "passed": true,
    "received": undefined,
    "type": "added",
    "where": "GET /api/example response 200 response header: deprecation",
  },
  {
    "change": {
      "location": {
        "conceptualLocation": {
          "inResponse": {
            "statusCode": "200",
          },
          "method": "get",
          "path": "/api/example",
        },
        "conceptualPath": [
          "operations",
          "/api/example",
          "get",
          "responses",
          "200",
        ],
        "jsonPath": "/paths/~1api~1example/get/responses/200",
        "kind": "response",
      },
      "value": {
        "description": "",
        "statusCode": "200",
      },
    },
    "condition": undefined,
    "docsLink": "https://github.com/snyk/sweater-comb/blob/main/docs/principles/version.md#versioning-response-headers",
    "error": undefined,
    "exempted": false,
    "expected": undefined,
    "isMust": true,
    "isShould": false,
    "name": "standard headers",
    "passed": true,
    "received": undefined,
    "type": "requirement",
    "where": "GET /api/example response 200",
  },
  {
    "change": {
      "location": {
        "conceptualLocation": {
          "inResponse": {
            "statusCode": "200",
          },
          "method": "get",
          "path": "/api/example",
        },
        "conceptualPath": [
          "operations",
          "/api/example",
          "get",
          "responses",
          "200",
        ],
        "jsonPath": "/paths/~1api~1example/get/responses/200",
        "kind": "response",
      },
      "value": {
        "description": "",
        "statusCode": "200",
      },
    },
    "condition": undefined,
    "docsLink": "https://github.com/snyk/sweater-comb/blob/main/docs/principles/version.md#versioning-response-headers",
    "error": undefined,
    "exempted": false,
    "expected": undefined,
    "isMust": true,
    "isShould": false,
    "name": "standard headers",
    "passed": true,
    "received": undefined,
    "type": "requirement",
    "where": "GET /api/example response 200",
  },
  {
    "change": {
      "location": {
        "conceptualLocation": {
          "inResponse": {
            "statusCode": "200",
          },
          "method": "get",
          "path": "/api/example",
        },
        "conceptualPath": [
          "operations",
          "/api/example",
          "get",
          "responses",
          "200",
        ],
        "jsonPath": "/paths/~1api~1example/get/responses/200",
        "kind": "response",
      },
      "value": {
        "description": "",
        "statusCode": "200",
      },
    },
    "condition": undefined,
    "docsLink": "https://github.com/snyk/sweater-comb/blob/main/docs/principles/version.md#versioning-response-headers",
    "error": undefined,
    "exempted": false,
    "expected": undefined,
    "isMust": true,
    "isShould": false,
    "name": "standard headers",
    "passed": true,
    "received": undefined,
    "type": "requirement",
    "where": "GET /api/example response 200",
  },
  {
    "change": {
      "location": {
        "conceptualLocation": {
          "inResponse": {
            "statusCode": "200",
          },
          "method": "get",
          "path": "/api/example",
        },
        "conceptualPath": [
          "operations",
          "/api/example",
          "get",
          "responses",
          "200",
        ],
        "jsonPath": "/paths/~1api~1example/get/responses/200",
        "kind": "response",
      },
      "value": {
        "description": "",
        "statusCode": "200",
      },
    },
    "condition": undefined,
    "docsLink": "https://github.com/snyk/sweater-comb/blob/main/docs/principles/version.md#versioning-response-headers",
    "error": undefined,
    "exempted": false,
    "expected": undefined,
    "isMust": true,
    "isShould": false,
    "name": "standard headers",
    "passed": true,
    "received": undefined,
    "type": "requirement",
    "where": "GET /api/example response 200",
  },
  {
    "change": {
      "location": {
        "conceptualLocation": {
          "inResponse": {
            "statusCode": "200",
          },
          "method": "get",
          "path": "/api/example",
        },
        "conceptualPath": [
          "operations",
          "/api/example",
          "get",
          "responses",
          "200",
        ],
        "jsonPath": "/paths/~1api~1example/get/responses/200",
        "kind": "response",
      },
      "value": {
        "description": "",
        "statusCode": "200",
      },
    },
    "condition": undefined,
    "docsLink": "https://github.com/snyk/sweater-comb/blob/main/docs/principles/version.md#versioning-response-headers",
    "error": undefined,
    "exempted": false,
    "expected": undefined,
    "isMust": true,
    "isShould": false,
    "name": "standard headers",
    "passed": true,
    "received": undefined,
    "type": "requirement",
    "where": "GET /api/example response 200",
  },
  {
    "change": {
      "location": {
        "conceptualLocation": {
          "inResponse": {
            "statusCode": "200",
          },
          "method": "get",
          "path": "/api/example",
        },
        "conceptualPath": [
          "operations",
          "/api/example",
          "get",
          "responses",
          "200",
        ],
        "jsonPath": "/paths/~1api~1example/get/responses/200",
        "kind": "response",
      },
      "value": {
        "description": "",
        "statusCode": "200",
      },
    },
    "condition": undefined,
    "docsLink": "https://github.com/snyk/sweater-comb/blob/main/docs/principles/version.md#versioning-response-headers",
    "error": undefined,
    "exempted": false,
    "expected": undefined,
    "isMust": true,
    "isShould": false,
    "name": "standard headers",
    "passed": true,
    "received": undefined,
    "type": "requirement",
    "where": "GET /api/example response 200",
  },
]
`;

exports[`response headers name fails if not kebab case 1`] = `
[
  {
    "change": {
      "added": {
        "name": "snyk-request-id",
      },
      "changeType": "added",
      "location": {
        "conceptualLocation": {
          "inResponse": {
            "header": "snyk-request-id",
            "statusCode": "200",
          },
          "method": "get",
          "path": "/api/example",
        },
        "conceptualPath": [
          "operations",
          "/api/example",
          "get",
          "responses",
          "200",
          "headers",
          "snyk-request-id",
        ],
        "jsonPath": "/paths/~1api~1example/get/responses/200/headers/snyk-request-id",
        "kind": "response-header",
      },
    },
    "condition": undefined,
    "docsLink": "https://github.com/snyk/sweater-comb/blob/main/docs/standards/rest.md#header-field-names",
    "error": undefined,
    "exempted": false,
    "expected": undefined,
    "isMust": true,
    "isShould": false,
    "name": "header case",
    "passed": true,
    "received": undefined,
    "type": "added",
    "where": "GET /api/example response 200 response header: snyk-request-id",
  },
  {
    "change": {
      "added": {
        "name": "snyk-version-lifecycle-stage",
      },
      "changeType": "added",
      "location": {
        "conceptualLocation": {
          "inResponse": {
            "header": "snyk-version-lifecycle-stage",
            "statusCode": "200",
          },
          "method": "get",
          "path": "/api/example",
        },
        "conceptualPath": [
          "operations",
          "/api/example",
          "get",
          "responses",
          "200",
          "headers",
          "snyk-version-lifecycle-stage",
        ],
        "jsonPath": "/paths/~1api~1example/get/responses/200/headers/snyk-version-lifecycle-stage",
        "kind": "response-header",
      },
    },
    "condition": undefined,
    "docsLink": "https://github.com/snyk/sweater-comb/blob/main/docs/standards/rest.md#header-field-names",
    "error": undefined,
    "exempted": false,
    "expected": undefined,
    "isMust": true,
    "isShould": false,
    "name": "header case",
    "passed": true,
    "received": undefined,
    "type": "added",
    "where": "GET /api/example response 200 response header: snyk-version-lifecycle-stage",
  },
  {
    "change": {
      "added": {
        "name": "snyk-version-requested",
      },
      "changeType": "added",
      "location": {
        "conceptualLocation": {
          "inResponse": {
            "header": "snyk-version-requested",
            "statusCode": "200",
          },
          "method": "get",
          "path": "/api/example",
        },
        "conceptualPath": [
          "operations",
          "/api/example",
          "get",
          "responses",
          "200",
          "headers",
          "snyk-version-requested",
        ],
        "jsonPath": "/paths/~1api~1example/get/responses/200/headers/snyk-version-requested",
        "kind": "response-header",
      },
    },
    "condition": undefined,
    "docsLink": "https://github.com/snyk/sweater-comb/blob/main/docs/standards/rest.md#header-field-names",
    "error": undefined,
    "exempted": false,
    "expected": undefined,
    "isMust": true,
    "isShould": false,
    "name": "header case",
    "passed": true,
    "received": undefined,
    "type": "added",
    "where": "GET /api/example response 200 response header: snyk-version-requested",
  },
  {
    "change": {
      "added": {
        "name": "snyk-version-served",
      },
      "changeType": "added",
      "location": {
        "conceptualLocation": {
          "inResponse": {
            "header": "snyk-version-served",
            "statusCode": "200",
          },
          "method": "get",
          "path": "/api/example",
        },
        "conceptualPath": [
          "operations",
          "/api/example",
          "get",
          "responses",
          "200",
          "headers",
          "snyk-version-served",
        ],
        "jsonPath": "/paths/~1api~1example/get/responses/200/headers/snyk-version-served",
        "kind": "response-header",
      },
    },
    "condition": undefined,
    "docsLink": "https://github.com/snyk/sweater-comb/blob/main/docs/standards/rest.md#header-field-names",
    "error": undefined,
    "exempted": false,
    "expected": undefined,
    "isMust": true,
    "isShould": false,
    "name": "header case",
    "passed": true,
    "received": undefined,
    "type": "added",
    "where": "GET /api/example response 200 response header: snyk-version-served",
  },
  {
    "change": {
      "added": {
        "name": "sunset",
      },
      "changeType": "added",
      "location": {
        "conceptualLocation": {
          "inResponse": {
            "header": "sunset",
            "statusCode": "200",
          },
          "method": "get",
          "path": "/api/example",
        },
        "conceptualPath": [
          "operations",
          "/api/example",
          "get",
          "responses",
          "200",
          "headers",
          "sunset",
        ],
        "jsonPath": "/paths/~1api~1example/get/responses/200/headers/sunset",
        "kind": "response-header",
      },
    },
    "condition": undefined,
    "docsLink": "https://github.com/snyk/sweater-comb/blob/main/docs/standards/rest.md#header-field-names",
    "error": undefined,
    "exempted": false,
    "expected": undefined,
    "isMust": true,
    "isShould": false,
    "name": "header case",
    "passed": true,
    "received": undefined,
    "type": "added",
    "where": "GET /api/example response 200 response header: sunset",
  },
  {
    "change": {
      "added": {
        "name": "deprecation",
      },
      "changeType": "added",
      "location": {
        "conceptualLocation": {
          "inResponse": {
            "header": "deprecation",
            "statusCode": "200",
          },
          "method": "get",
          "path": "/api/example",
        },
        "conceptualPath": [
          "operations",
          "/api/example",
          "get",
          "responses",
          "200",
          "headers",
          "deprecation",
        ],
        "jsonPath": "/paths/~1api~1example/get/responses/200/headers/deprecation",
        "kind": "response-header",
      },
    },
    "condition": undefined,
    "docsLink": "https://github.com/snyk/sweater-comb/blob/main/docs/standards/rest.md#header-field-names",
    "error": undefined,
    "exempted": false,
    "expected": undefined,
    "isMust": true,
    "isShould": false,
    "name": "header case",
    "passed": true,
    "received": undefined,
    "type": "added",
    "where": "GET /api/example response 200 response header: deprecation",
  },
  {
    "change": {
      "added": {
        "name": "badHeader",
        "schema": {
          "type": "string",
        },
      },
      "changeType": "added",
      "location": {
        "conceptualLocation": {
          "inResponse": {
            "header": "badHeader",
            "statusCode": "200",
          },
          "method": "get",
          "path": "/api/example",
        },
        "conceptualPath": [
          "operations",
          "/api/example",
          "get",
          "responses",
          "200",
          "headers",
          "badHeader",
        ],
        "jsonPath": "/paths/~1api~1example/get/responses/200/headers/badHeader",
        "kind": "response-header",
      },
    },
    "condition": undefined,
    "docsLink": "https://github.com/snyk/sweater-comb/blob/main/docs/standards/rest.md#header-field-names",
    "error": "badHeader is not kebab-case",
    "exempted": false,
    "expected": undefined,
    "isMust": true,
    "isShould": false,
    "name": "header case",
    "passed": false,
    "received": undefined,
    "type": "added",
    "where": "GET /api/example response 200 response header: badHeader",
  },
  {
    "change": {
      "location": {
        "conceptualLocation": {
          "inResponse": {
            "statusCode": "200",
          },
          "method": "get",
          "path": "/api/example",
        },
        "conceptualPath": [
          "operations",
          "/api/example",
          "get",
          "responses",
          "200",
        ],
        "jsonPath": "/paths/~1api~1example/get/responses/200",
        "kind": "response",
      },
      "value": {
        "description": "",
        "statusCode": "200",
      },
    },
    "condition": undefined,
    "docsLink": "https://github.com/snyk/sweater-comb/blob/main/docs/principles/version.md#versioning-response-headers",
    "error": undefined,
    "exempted": false,
    "expected": undefined,
    "isMust": true,
    "isShould": false,
    "name": "standard headers",
    "passed": true,
    "received": undefined,
    "type": "requirement",
    "where": "GET /api/example response 200",
  },
  {
    "change": {
      "location": {
        "conceptualLocation": {
          "inResponse": {
            "statusCode": "200",
          },
          "method": "get",
          "path": "/api/example",
        },
        "conceptualPath": [
          "operations",
          "/api/example",
          "get",
          "responses",
          "200",
        ],
        "jsonPath": "/paths/~1api~1example/get/responses/200",
        "kind": "response",
      },
      "value": {
        "description": "",
        "statusCode": "200",
      },
    },
    "condition": undefined,
    "docsLink": "https://github.com/snyk/sweater-comb/blob/main/docs/principles/version.md#versioning-response-headers",
    "error": undefined,
    "exempted": false,
    "expected": undefined,
    "isMust": true,
    "isShould": false,
    "name": "standard headers",
    "passed": true,
    "received": undefined,
    "type": "requirement",
    "where": "GET /api/example response 200",
  },
  {
    "change": {
      "location": {
        "conceptualLocation": {
          "inResponse": {
            "statusCode": "200",
          },
          "method": "get",
          "path": "/api/example",
        },
        "conceptualPath": [
          "operations",
          "/api/example",
          "get",
          "responses",
          "200",
        ],
        "jsonPath": "/paths/~1api~1example/get/responses/200",
        "kind": "response",
      },
      "value": {
        "description": "",
        "statusCode": "200",
      },
    },
    "condition": undefined,
    "docsLink": "https://github.com/snyk/sweater-comb/blob/main/docs/principles/version.md#versioning-response-headers",
    "error": undefined,
    "exempted": false,
    "expected": undefined,
    "isMust": true,
    "isShould": false,
    "name": "standard headers",
    "passed": true,
    "received": undefined,
    "type": "requirement",
    "where": "GET /api/example response 200",
  },
  {
    "change": {
      "location": {
        "conceptualLocation": {
          "inResponse": {
            "statusCode": "200",
          },
          "method": "get",
          "path": "/api/example",
        },
        "conceptualPath": [
          "operations",
          "/api/example",
          "get",
          "responses",
          "200",
        ],
        "jsonPath": "/paths/~1api~1example/get/responses/200",
        "kind": "response",
      },
      "value": {
        "description": "",
        "statusCode": "200",
      },
    },
    "condition": undefined,
    "docsLink": "https://github.com/snyk/sweater-comb/blob/main/docs/principles/version.md#versioning-response-headers",
    "error": undefined,
    "exempted": false,
    "expected": undefined,
    "isMust": true,
    "isShould": false,
    "name": "standard headers",
    "passed": true,
    "received": undefined,
    "type": "requirement",
    "where": "GET /api/example response 200",
  },
  {
    "change": {
      "location": {
        "conceptualLocation": {
          "inResponse": {
            "statusCode": "200",
          },
          "method": "get",
          "path": "/api/example",
        },
        "conceptualPath": [
          "operations",
          "/api/example",
          "get",
          "responses",
          "200",
        ],
        "jsonPath": "/paths/~1api~1example/get/responses/200",
        "kind": "response",
      },
      "value": {
        "description": "",
        "statusCode": "200",
      },
    },
    "condition": undefined,
    "docsLink": "https://github.com/snyk/sweater-comb/blob/main/docs/principles/version.md#versioning-response-headers",
    "error": undefined,
    "exempted": false,
    "expected": undefined,
    "isMust": true,
    "isShould": false,
    "name": "standard headers",
    "passed": true,
    "received": undefined,
    "type": "requirement",
    "where": "GET /api/example response 200",
  },
  {
    "change": {
      "location": {
        "conceptualLocation": {
          "inResponse": {
            "statusCode": "200",
          },
          "method": "get",
          "path": "/api/example",
        },
        "conceptualPath": [
          "operations",
          "/api/example",
          "get",
          "responses",
          "200",
        ],
        "jsonPath": "/paths/~1api~1example/get/responses/200",
        "kind": "response",
      },
      "value": {
        "description": "",
        "statusCode": "200",
      },
    },
    "condition": undefined,
    "docsLink": "https://github.com/snyk/sweater-comb/blob/main/docs/principles/version.md#versioning-response-headers",
    "error": undefined,
    "exempted": false,
    "expected": undefined,
    "isMust": true,
    "isShould": false,
    "name": "standard headers",
    "passed": true,
    "received": undefined,
    "type": "requirement",
    "where": "GET /api/example response 200",
  },
]
`;

exports[`response headers name passes if kebab case 1`] = `
[
  {
    "change": {
      "added": {
        "name": "snyk-request-id",
      },
      "changeType": "added",
      "location": {
        "conceptualLocation": {
          "inResponse": {
            "header": "snyk-request-id",
            "statusCode": "200",
          },
          "method": "get",
          "path": "/api/example",
        },
        "conceptualPath": [
          "operations",
          "/api/example",
          "get",
          "responses",
          "200",
          "headers",
          "snyk-request-id",
        ],
        "jsonPath": "/paths/~1api~1example/get/responses/200/headers/snyk-request-id",
        "kind": "response-header",
      },
    },
    "condition": undefined,
    "docsLink": "https://github.com/snyk/sweater-comb/blob/main/docs/standards/rest.md#header-field-names",
    "error": undefined,
    "exempted": false,
    "expected": undefined,
    "isMust": true,
    "isShould": false,
    "name": "header case",
    "passed": true,
    "received": undefined,
    "type": "added",
    "where": "GET /api/example response 200 response header: snyk-request-id",
  },
  {
    "change": {
      "added": {
        "name": "snyk-version-lifecycle-stage",
      },
      "changeType": "added",
      "location": {
        "conceptualLocation": {
          "inResponse": {
            "header": "snyk-version-lifecycle-stage",
            "statusCode": "200",
          },
          "method": "get",
          "path": "/api/example",
        },
        "conceptualPath": [
          "operations",
          "/api/example",
          "get",
          "responses",
          "200",
          "headers",
          "snyk-version-lifecycle-stage",
        ],
        "jsonPath": "/paths/~1api~1example/get/responses/200/headers/snyk-version-lifecycle-stage",
        "kind": "response-header",
      },
    },
    "condition": undefined,
    "docsLink": "https://github.com/snyk/sweater-comb/blob/main/docs/standards/rest.md#header-field-names",
    "error": undefined,
    "exempted": false,
    "expected": undefined,
    "isMust": true,
    "isShould": false,
    "name": "header case",
    "passed": true,
    "received": undefined,
    "type": "added",
    "where": "GET /api/example response 200 response header: snyk-version-lifecycle-stage",
  },
  {
    "change": {
      "added": {
        "name": "snyk-version-requested",
      },
      "changeType": "added",
      "location": {
        "conceptualLocation": {
          "inResponse": {
            "header": "snyk-version-requested",
            "statusCode": "200",
          },
          "method": "get",
          "path": "/api/example",
        },
        "conceptualPath": [
          "operations",
          "/api/example",
          "get",
          "responses",
          "200",
          "headers",
          "snyk-version-requested",
        ],
        "jsonPath": "/paths/~1api~1example/get/responses/200/headers/snyk-version-requested",
        "kind": "response-header",
      },
    },
    "condition": undefined,
    "docsLink": "https://github.com/snyk/sweater-comb/blob/main/docs/standards/rest.md#header-field-names",
    "error": undefined,
    "exempted": false,
    "expected": undefined,
    "isMust": true,
    "isShould": false,
    "name": "header case",
    "passed": true,
    "received": undefined,
    "type": "added",
    "where": "GET /api/example response 200 response header: snyk-version-requested",
  },
  {
    "change": {
      "added": {
        "name": "snyk-version-served",
      },
      "changeType": "added",
      "location": {
        "conceptualLocation": {
          "inResponse": {
            "header": "snyk-version-served",
            "statusCode": "200",
          },
          "method": "get",
          "path": "/api/example",
        },
        "conceptualPath": [
          "operations",
          "/api/example",
          "get",
          "responses",
          "200",
          "headers",
          "snyk-version-served",
        ],
        "jsonPath": "/paths/~1api~1example/get/responses/200/headers/snyk-version-served",
        "kind": "response-header",
      },
    },
    "condition": undefined,
    "docsLink": "https://github.com/snyk/sweater-comb/blob/main/docs/standards/rest.md#header-field-names",
    "error": undefined,
    "exempted": false,
    "expected": undefined,
    "isMust": true,
    "isShould": false,
    "name": "header case",
    "passed": true,
    "received": undefined,
    "type": "added",
    "where": "GET /api/example response 200 response header: snyk-version-served",
  },
  {
    "change": {
      "added": {
        "name": "sunset",
      },
      "changeType": "added",
      "location": {
        "conceptualLocation": {
          "inResponse": {
            "header": "sunset",
            "statusCode": "200",
          },
          "method": "get",
          "path": "/api/example",
        },
        "conceptualPath": [
          "operations",
          "/api/example",
          "get",
          "responses",
          "200",
          "headers",
          "sunset",
        ],
        "jsonPath": "/paths/~1api~1example/get/responses/200/headers/sunset",
        "kind": "response-header",
      },
    },
    "condition": undefined,
    "docsLink": "https://github.com/snyk/sweater-comb/blob/main/docs/standards/rest.md#header-field-names",
    "error": undefined,
    "exempted": false,
    "expected": undefined,
    "isMust": true,
    "isShould": false,
    "name": "header case",
    "passed": true,
    "received": undefined,
    "type": "added",
    "where": "GET /api/example response 200 response header: sunset",
  },
  {
    "change": {
      "added": {
        "name": "deprecation",
      },
      "changeType": "added",
      "location": {
        "conceptualLocation": {
          "inResponse": {
            "header": "deprecation",
            "statusCode": "200",
          },
          "method": "get",
          "path": "/api/example",
        },
        "conceptualPath": [
          "operations",
          "/api/example",
          "get",
          "responses",
          "200",
          "headers",
          "deprecation",
        ],
        "jsonPath": "/paths/~1api~1example/get/responses/200/headers/deprecation",
        "kind": "response-header",
      },
    },
    "condition": undefined,
    "docsLink": "https://github.com/snyk/sweater-comb/blob/main/docs/standards/rest.md#header-field-names",
    "error": undefined,
    "exempted": false,
    "expected": undefined,
    "isMust": true,
    "isShould": false,
    "name": "header case",
    "passed": true,
    "received": undefined,
    "type": "added",
    "where": "GET /api/example response 200 response header: deprecation",
  },
  {
    "change": {
      "added": {
        "name": "good-header",
        "schema": {
          "type": "string",
        },
      },
      "changeType": "added",
      "location": {
        "conceptualLocation": {
          "inResponse": {
            "header": "good-header",
            "statusCode": "200",
          },
          "method": "get",
          "path": "/api/example",
        },
        "conceptualPath": [
          "operations",
          "/api/example",
          "get",
          "responses",
          "200",
          "headers",
          "good-header",
        ],
        "jsonPath": "/paths/~1api~1example/get/responses/200/headers/good-header",
        "kind": "response-header",
      },
    },
    "condition": undefined,
    "docsLink": "https://github.com/snyk/sweater-comb/blob/main/docs/standards/rest.md#header-field-names",
    "error": undefined,
    "exempted": false,
    "expected": undefined,
    "isMust": true,
    "isShould": false,
    "name": "header case",
    "passed": true,
    "received": undefined,
    "type": "added",
    "where": "GET /api/example response 200 response header: good-header",
  },
  {
    "change": {
      "location": {
        "conceptualLocation": {
          "inResponse": {
            "statusCode": "200",
          },
          "method": "get",
          "path": "/api/example",
        },
        "conceptualPath": [
          "operations",
          "/api/example",
          "get",
          "responses",
          "200",
        ],
        "jsonPath": "/paths/~1api~1example/get/responses/200",
        "kind": "response",
      },
      "value": {
        "description": "",
        "statusCode": "200",
      },
    },
    "condition": undefined,
    "docsLink": "https://github.com/snyk/sweater-comb/blob/main/docs/principles/version.md#versioning-response-headers",
    "error": undefined,
    "exempted": false,
    "expected": undefined,
    "isMust": true,
    "isShould": false,
    "name": "standard headers",
    "passed": true,
    "received": undefined,
    "type": "requirement",
    "where": "GET /api/example response 200",
  },
  {
    "change": {
      "location": {
        "conceptualLocation": {
          "inResponse": {
            "statusCode": "200",
          },
          "method": "get",
          "path": "/api/example",
        },
        "conceptualPath": [
          "operations",
          "/api/example",
          "get",
          "responses",
          "200",
        ],
        "jsonPath": "/paths/~1api~1example/get/responses/200",
        "kind": "response",
      },
      "value": {
        "description": "",
        "statusCode": "200",
      },
    },
    "condition": undefined,
    "docsLink": "https://github.com/snyk/sweater-comb/blob/main/docs/principles/version.md#versioning-response-headers",
    "error": undefined,
    "exempted": false,
    "expected": undefined,
    "isMust": true,
    "isShould": false,
    "name": "standard headers",
    "passed": true,
    "received": undefined,
    "type": "requirement",
    "where": "GET /api/example response 200",
  },
  {
    "change": {
      "location": {
        "conceptualLocation": {
          "inResponse": {
            "statusCode": "200",
          },
          "method": "get",
          "path": "/api/example",
        },
        "conceptualPath": [
          "operations",
          "/api/example",
          "get",
          "responses",
          "200",
        ],
        "jsonPath": "/paths/~1api~1example/get/responses/200",
        "kind": "response",
      },
      "value": {
        "description": "",
        "statusCode": "200",
      },
    },
    "condition": undefined,
    "docsLink": "https://github.com/snyk/sweater-comb/blob/main/docs/principles/version.md#versioning-response-headers",
    "error": undefined,
    "exempted": false,
    "expected": undefined,
    "isMust": true,
    "isShould": false,
    "name": "standard headers",
    "passed": true,
    "received": undefined,
    "type": "requirement",
    "where": "GET /api/example response 200",
  },
  {
    "change": {
      "location": {
        "conceptualLocation": {
          "inResponse": {
            "statusCode": "200",
          },
          "method": "get",
          "path": "/api/example",
        },
        "conceptualPath": [
          "operations",
          "/api/example",
          "get",
          "responses",
          "200",
        ],
        "jsonPath": "/paths/~1api~1example/get/responses/200",
        "kind": "response",
      },
      "value": {
        "description": "",
        "statusCode": "200",
      },
    },
    "condition": undefined,
    "docsLink": "https://github.com/snyk/sweater-comb/blob/main/docs/principles/version.md#versioning-response-headers",
    "error": undefined,
    "exempted": false,
    "expected": undefined,
    "isMust": true,
    "isShould": false,
    "name": "standard headers",
    "passed": true,
    "received": undefined,
    "type": "requirement",
    "where": "GET /api/example response 200",
  },
  {
    "change": {
      "location": {
        "conceptualLocation": {
          "inResponse": {
            "statusCode": "200",
          },
          "method": "get",
          "path": "/api/example",
        },
        "conceptualPath": [
          "operations",
          "/api/example",
          "get",
          "responses",
          "200",
        ],
        "jsonPath": "/paths/~1api~1example/get/responses/200",
        "kind": "response",
      },
      "value": {
        "description": "",
        "statusCode": "200",
      },
    },
    "condition": undefined,
    "docsLink": "https://github.com/snyk/sweater-comb/blob/main/docs/principles/version.md#versioning-response-headers",
    "error": undefined,
    "exempted": false,
    "expected": undefined,
    "isMust": true,
    "isShould": false,
    "name": "standard headers",
    "passed": true,
    "received": undefined,
    "type": "requirement",
    "where": "GET /api/example response 200",
  },
  {
    "change": {
      "location": {
        "conceptualLocation": {
          "inResponse": {
            "statusCode": "200",
          },
          "method": "get",
          "path": "/api/example",
        },
        "conceptualPath": [
          "operations",
          "/api/example",
          "get",
          "responses",
          "200",
        ],
        "jsonPath": "/paths/~1api~1example/get/responses/200",
        "kind": "response",
      },
      "value": {
        "description": "",
        "statusCode": "200",
      },
    },
    "condition": undefined,
    "docsLink": "https://github.com/snyk/sweater-comb/blob/main/docs/principles/version.md#versioning-response-headers",
    "error": undefined,
    "exempted": false,
    "expected": undefined,
    "isMust": true,
    "isShould": false,
    "name": "standard headers",
    "passed": true,
    "received": undefined,
    "type": "requirement",
    "where": "GET /api/example response 200",
  },
]
`;
