// Jest Snapshot v1, https://goo.gl/fbAQLP

exports[`content type rules fails when response does not have json:api content type 1`] = `
[
  {
    "change": {
      "added": {
        "description": "",
        "statusCode": "200",
      },
      "changeType": "added",
      "location": {
        "conceptualLocation": {
          "inResponse": {
            "statusCode": "200",
          },
          "method": "get",
          "path": "/api/example",
        },
        "conceptualPath": [
          "operations",
          "/api/example",
          "get",
          "responses",
          "200",
        ],
        "jsonPath": "/paths/~1api~1example/get/responses/200",
        "kind": "response",
      },
    },
    "condition": undefined,
    "docsLink": "https://jsonapi.org/format/#content-negotiation-clients",
    "error": "expected response to support application/vnd.api+json",
    "exempted": false,
    "expected": undefined,
    "isMust": true,
    "isShould": false,
    "name": "JSON:API content type",
    "passed": false,
    "received": undefined,
    "type": "added",
    "where": "GET /api/example response 200",
  },
]
`;
